Test/Api.hs

{-# LANGUAGE BangPatterns #-}
{-# LANGUAGE DuplicateRecordFields #-}
{-# LANGUAGE OverloadedStrings #-}
{-# LANGUAGE RankNTypes #-}
{-# LANGUAGE RecordWildCards #-}
module Test.Api where

import qualified Control.Applicative
import qualified Control.Exception
import qualified Control.Monad
import qualified Control.Monad.Catch
import qualified Control.Monad.IO.Class
import qualified Data.Aeson
import qualified Data.Aeson.Parser
import qualified Data.Aeson.Types
import qualified Data.Attoparsec.ByteString
import qualified Data.List
import qualified Data.Maybe
import qualified Data.Text
import qualified Data.Time
import qualified Data.Text.Encoding
import qualified GHC.Types
import qualified Network.HTTP.Types
import qualified Network.Wai
import qualified Web.HttpApiData

import Test.Response

import Test.Schemas.Package


import Test.Response.ListPackages
import Test.Response.ListPackages

data Api m = Api {
    -- | List all packages
    listPackages ::
        m ListPackagesResponse,
    -- | List all packages
    listPackages ::
        m ListPackagesResponse
}

application :: (Control.Monad.Catch.MonadCatch m, Control.Monad.IO.Class.MonadIO m) => (forall a . Network.Wai.Request -> m a -> IO a) -> Api m -> Network.Wai.Application -> Network.Wai.Application
application run api notFound request respond =
    case Network.Wai.pathInfo request of
        [ "packages" ] ->
            case Network.Wai.requestMethod request of
                "GET" ->
                    run request $ do
                        response <- Control.Monad.Catch.handle pure (listPackages api  )
                        Control.Monad.IO.Class.liftIO (respond (toResponse response))
                x ->
                    unsupportedMethod x

        [ "packages2" ] ->
            case Network.Wai.requestMethod request of
                "GET" ->
                    run request $ do
                        response <- Control.Monad.Catch.handle pure (listPackages api  )
                        Control.Monad.IO.Class.liftIO (respond (toResponse response))
                x ->
                    unsupportedMethod x

        _ ->
            notFound request respond
    where
        unsupportedMethod _ =
            respond (Network.Wai.responseBuilder (toEnum 405) [] mempty)
        invalidRequest _ =
            respond (Network.Wai.responseBuilder (toEnum 401) [] mempty)
---------------------
Test/Response.hs

{-# LANGUAGE BangPatterns #-}
{-# LANGUAGE DuplicateRecordFields #-}
{-# LANGUAGE OverloadedStrings #-}
{-# LANGUAGE RankNTypes #-}
{-# LANGUAGE RecordWildCards #-}
module Test.Response where

import qualified Control.Applicative
import qualified Control.Exception
import qualified Control.Monad
import qualified Control.Monad.Catch
import qualified Control.Monad.IO.Class
import qualified Data.Aeson
import qualified Data.Aeson.Parser
import qualified Data.Aeson.Types
import qualified Data.Attoparsec.ByteString
import qualified Data.List
import qualified Data.Maybe
import qualified Data.Text
import qualified Data.Time
import qualified Data.Text.Encoding
import qualified GHC.Types
import qualified Network.HTTP.Types
import qualified Network.Wai
import qualified Web.HttpApiData

class ToResponse a where
    toResponse :: a -> Network.Wai.Response
---------------------
Test/Response/ListPackages.hs

{-# LANGUAGE BangPatterns #-}
{-# LANGUAGE DuplicateRecordFields #-}
{-# LANGUAGE OverloadedStrings #-}
{-# LANGUAGE RankNTypes #-}
{-# LANGUAGE RecordWildCards #-}
module Test.Response.ListPackages where

import qualified Control.Applicative
import qualified Control.Exception
import qualified Control.Monad
import qualified Control.Monad.Catch
import qualified Control.Monad.IO.Class
import qualified Data.Aeson
import qualified Data.Aeson.Parser
import qualified Data.Aeson.Types
import qualified Data.Attoparsec.ByteString
import qualified Data.List
import qualified Data.Maybe
import qualified Data.Text
import qualified Data.Time
import qualified Data.Text.Encoding
import qualified GHC.Types
import qualified Network.HTTP.Types
import qualified Network.Wai
import qualified Web.HttpApiData



import Test.Response

data ListPackagesResponseBody200
    = ListPackagesResponseBody200A
    | ListPackagesResponseBody200B
    | ListPackagesResponseBody200C
    deriving (Eq, Show)

instance Data.Aeson.ToJSON ListPackagesResponseBody200 where
    toJSON x = case x of
        ListPackagesResponseBody200A -> "A"
        ListPackagesResponseBody200B -> "B"
        ListPackagesResponseBody200C -> "C"

instance Data.Aeson.FromJSON ListPackagesResponseBody200 where
    parseJSON = Data.Aeson.withText "ListPackagesResponseBody200" $ \s ->
        case s of
            "A" -> pure ListPackagesResponseBody200A
            "B" -> pure ListPackagesResponseBody200B
            "C" -> pure ListPackagesResponseBody200C
            _ -> fail "invalid enum value"

data ListPackagesResponse
    = ListPackagesResponse200 ListPackagesResponseBody200
    deriving (Show)

instance Control.Exception.Exception ListPackagesResponse

instance ToResponse ListPackagesResponse where
    toResponse (ListPackagesResponse200 x) =
        Network.Wai.responseBuilder (toEnum 200) [(Network.HTTP.Types.hContentType, "application/json")] (Data.Aeson.fromEncoding (Data.Aeson.toEncoding x))
---------------------
Test/Response/ListPackages.hs

{-# LANGUAGE BangPatterns #-}
{-# LANGUAGE DuplicateRecordFields #-}
{-# LANGUAGE OverloadedStrings #-}
{-# LANGUAGE RankNTypes #-}
{-# LANGUAGE RecordWildCards #-}
module Test.Response.ListPackages where

import qualified Control.Applicative
import qualified Control.Exception
import qualified Control.Monad
import qualified Control.Monad.Catch
import qualified Control.Monad.IO.Class
import qualified Data.Aeson
import qualified Data.Aeson.Parser
import qualified Data.Aeson.Types
import qualified Data.Attoparsec.ByteString
import qualified Data.List
import qualified Data.Maybe
import qualified Data.Text
import qualified Data.Time
import qualified Data.Text.Encoding
import qualified GHC.Types
import qualified Network.HTTP.Types
import qualified Network.Wai
import qualified Web.HttpApiData

import Test.Schemas.Package

import Test.Response



data ListPackagesResponse
    = ListPackagesResponse200 Package
    deriving (Show)

instance Control.Exception.Exception ListPackagesResponse

instance ToResponse ListPackagesResponse where
    toResponse (ListPackagesResponse200 x) =
        Network.Wai.responseBuilder (toEnum 200) [(Network.HTTP.Types.hContentType, "application/json")] (Data.Aeson.fromEncoding (Data.Aeson.toEncoding x))
---------------------
Test/Schemas/Package.hs

{-# LANGUAGE BangPatterns #-}
{-# LANGUAGE DuplicateRecordFields #-}
{-# LANGUAGE OverloadedStrings #-}
{-# LANGUAGE RankNTypes #-}
{-# LANGUAGE RecordWildCards #-}
module Test.Schemas.Package where

import qualified Control.Applicative
import qualified Control.Exception
import qualified Control.Monad
import qualified Control.Monad.Catch
import qualified Control.Monad.IO.Class
import qualified Data.Aeson
import qualified Data.Aeson.Parser
import qualified Data.Aeson.Types
import qualified Data.Attoparsec.ByteString
import qualified Data.List
import qualified Data.Maybe
import qualified Data.Text
import qualified Data.Time
import qualified Data.Text.Encoding
import qualified GHC.Types
import qualified Network.HTTP.Types
import qualified Network.Wai
import qualified Web.HttpApiData





data Package
    = PackageDOCKER
    | PackagePYTHON
    | PackageNPM
    deriving (Eq, Show)

instance Data.Aeson.ToJSON Package where
    toJSON x = case x of
        PackageDOCKER -> "DOCKER"
        PackagePYTHON -> "PYTHON"
        PackageNPM -> "NPM"

instance Data.Aeson.FromJSON Package where
    parseJSON = Data.Aeson.withText "Package" $ \s ->
        case s of
            "DOCKER" -> pure PackageDOCKER
            "PYTHON" -> pure PackagePYTHON
            "NPM" -> pure PackageNPM
            _ -> fail "invalid enum value"
---------------------
test.cabal

cabal-version: 3.0
name: test
version: 0.1.0.0
library
  build-depends:
    , aeson
    , attoparsec
    , base
    , exceptions
    , ghc-prim
    , http-api-data
    , http-types
    , text
    , time
    , wai
  exposed-modules:
    Test.Api
    Test.Response
    Test.Response.ListPackages
    Test.Schemas.Package