openapi: "3.0.0"
info:
  version: 1.0.0
  title: Scarf
  license:
    name: AllRightsReserved
servers:
  - url: https://scarf.sh/api/v1
paths:
  /test:
    get:
      summary: test
      operationId: test
      parameters:
        - name: x-next
          in: header
          description: How many items to return at one time (max 100)
          required: false
          schema:
            type: integer
            format: int32
      responses:
        '200':
          description: Successful response
          content:
            application/json:
              schema:
                $ref: "#/components/schemas/Test"              
  /test1:
    get:
      summary: test
      operationId: test1
      responses:
        '201':
          description: Successfully created package
          headers:
            Location:
              description: The package details URL
              schema:
                type: string
  /test2:
    get:
      summary: test
      operationId: test2
      responses:
        '201':
          description: Successfully created package
          headers:
            Location:
              required: true
              description: The package details URL
              schema:
                type: string
components:
  schemas:
    Test: 
      properties: 
        dateProp: 
          type: string
          format: date
        dateTimeProp:
          type: string
          format: date-time
