Test/Api.hs

{-# LANGUAGE BangPatterns #-}
{-# LANGUAGE DuplicateRecordFields #-}
{-# LANGUAGE OverloadedStrings #-}
{-# LANGUAGE RankNTypes #-}
{-# LANGUAGE RecordWildCards #-}
module Test.Api where

import qualified Control.Applicative
import qualified Control.Exception
import qualified Control.Monad
import qualified Control.Monad.Catch
import qualified Control.Monad.IO.Class
import qualified Data.Aeson
import qualified Data.Aeson.Parser
import qualified Data.Aeson.Types
import qualified Data.Attoparsec.ByteString
import qualified Data.List
import qualified Data.Maybe
import qualified Data.Text
import qualified Data.Time
import qualified Data.Text.Encoding
import qualified GHC.Types
import qualified Network.HTTP.Types
import qualified Network.Wai
import qualified Web.HttpApiData

import Test.Request
import Test.Response

import Test.Schemas.Packages
import Test.Schemas.Inline
import Test.Schemas.Package

import Test.Response.ListPackages
import Test.Response.ListPackages3
import Test.Response.ListPackages2

data Api m = Api {
    -- | List all packages
    listPackages ::
        m ListPackagesResponse,
    -- | List all packages
    listPackages3 ::
        m ListPackages3Response,
    -- | List all packages
    listPackages2 ::
        m ListPackages2Response
}

application :: (Control.Monad.Catch.MonadCatch m, Control.Monad.IO.Class.MonadIO m) => (forall a . Network.Wai.Request -> m a -> IO a) -> Api m -> Network.Wai.Application -> Network.Wai.Application
application run api notFound request respond =
    case Network.Wai.pathInfo request of
        ["packages"] ->
            case Network.Wai.requestMethod request of
                "GET" ->
                    run request (do
                        response <- Control.Monad.Catch.handle pure (listPackages api  )
                        Control.Monad.IO.Class.liftIO (respond (toResponse response))
                    )
                x ->
                    unsupportedMethod x

        ["packages2"] ->
            case Network.Wai.requestMethod request of
                "GET" ->
                    run request (do
                        response <- Control.Monad.Catch.handle pure (listPackages2 api  )
                        Control.Monad.IO.Class.liftIO (respond (toResponse response))
                    )
                x ->
                    unsupportedMethod x

        ["packages3"] ->
            case Network.Wai.requestMethod request of
                "GET" ->
                    run request (do
                        response <- Control.Monad.Catch.handle pure (listPackages3 api  )
                        Control.Monad.IO.Class.liftIO (respond (toResponse response))
                    )
                x ->
                    unsupportedMethod x

        _ ->
            notFound request respond
    where
        unsupportedMethod _ =
            respond (Network.Wai.responseBuilder (toEnum 405) [] mempty)
---------------------
Test/Request.hs

{-# LANGUAGE OverloadedStrings #-}

module Test.Request
  ( pathVariable,
    requiredQueryParameter,
    optionalQueryParameter,
    requiredHeader,
    optionalHeader,
    parseRequestBodyJSON,
  )
where

import Data.Aeson (FromJSON, parseJSON)
import qualified Data.Aeson.Parser
import qualified Data.Aeson.Types
import Data.Attoparsec.ByteString (eitherResult, parseWith)
import Data.ByteString (ByteString)
import qualified Data.ByteString as ByteString
import qualified Data.List as List
import Data.Text (Text)
import qualified Data.Text as Text
import qualified Data.Text.Encoding as Text
import Network.HTTP.Types (HeaderName, hContentType)
import qualified Network.Wai as Wai
import Web.HttpApiData
  ( FromHttpApiData,
    parseHeader,
    parseQueryParam,
    parseUrlPiece,
  )

pathVariable ::
  FromHttpApiData a =>
  -- | Path variable value
  Text ->
  (a -> Wai.Application) ->
  Wai.Application
pathVariable value withVariable = \request respond ->
  case parseUrlPiece value of
    Left _err ->
      respond (Wai.responseBuilder (toEnum 400) [] mempty)
    Right x ->
      withVariable x request respond
{-# INLINEABLE pathVariable #-}

requiredQueryParameter ::
  FromHttpApiData a =>
  ByteString ->
  (a -> Wai.Application) ->
  Wai.Application
requiredQueryParameter name withParam = \request respond ->
  case List.lookup name (Wai.queryString request) of
    Nothing ->
      respond (Wai.responseBuilder (toEnum 400) [] mempty)
    Just Nothing ->
      respond (Wai.responseBuilder (toEnum 400) [] mempty)
    Just (Just value) ->
      case parseQueryParam (Text.decodeUtf8 value) of
        Left _err ->
          respond (Wai.responseBuilder (toEnum 400) [] mempty)
        Right x ->
          withParam x request respond
{-# INLINEABLE requiredQueryParameter #-}

optionalQueryParameter ::
  FromHttpApiData a =>
  ByteString ->
  -- | Allow empty, e.g. "x="
  Bool ->
  (Maybe a -> Wai.Application) ->
  Wai.Application
optionalQueryParameter name allowEmpty withParam = \request respond ->
  case List.lookup name (Wai.queryString request) of
    Nothing ->
      withParam Nothing request respond
    Just Nothing
      | allowEmpty ->
        withParam Nothing request respond
      | otherwise ->
        respond (Wai.responseBuilder (toEnum 400) [] mempty)
    Just (Just value) ->
      case parseQueryParam (Text.decodeUtf8 value) of
        Left _err ->
          respond (Wai.responseBuilder (toEnum 400) [] mempty)
        Right x ->
          withParam (Just x) request respond
{-# INLINEABLE optionalQueryParameter #-}

optionalHeader ::
  FromHttpApiData a =>
  HeaderName ->
  (Maybe a -> Wai.Application) ->
  Wai.Application
optionalHeader name withHeader = \request respond ->
  case List.lookup name (Wai.requestHeaders request) of
    Nothing ->
      withHeader Nothing request respond
    Just value ->
      case parseHeader value of
        Left _err ->
          respond (Wai.responseBuilder (toEnum 400) [] mempty)
        Right x ->
          withHeader (Just x) request respond
{-# INLINEABLE optionalHeader #-}

requiredHeader ::
  FromHttpApiData a =>
  HeaderName ->
  (a -> Wai.Application) ->
  Wai.Application
requiredHeader name withHeader = \request respond ->
  case List.lookup name (Wai.requestHeaders request) of
    Nothing ->
      respond (Wai.responseBuilder (toEnum 400) [] mempty)
    Just value ->
      case parseHeader value of
        Left _err ->
          respond (Wai.responseBuilder (toEnum 400) [] mempty)
        Right x ->
          withHeader x request respond
{-# INLINEABLE requiredHeader #-}

parseRequestBodyJSON :: FromJSON a => (a -> Wai.Application) -> Wai.Application
parseRequestBodyJSON withBody = \request respond ->
  case List.lookup hContentType (Wai.requestHeaders request) of
    Just "application/json" -> do
      result <- parseWith (Wai.getRequestBodyChunk request) Data.Aeson.Parser.json' mempty
      case eitherResult result of
        Left _err ->
          respond (Wai.responseBuilder (toEnum 400) [] mempty)
        Right value ->
          case Data.Aeson.Types.parseEither Data.Aeson.parseJSON value of
            Left _err ->
              respond (Wai.responseBuilder (toEnum 400) [] mempty)
            Right body ->
              withBody body request respond
    _ ->
      respond (Wai.responseBuilder (toEnum 415) [] mempty)
{-# INLINEABLE parseRequestBodyJSON #-}

---------------------
Test/Response.hs

{-# LANGUAGE BangPatterns #-}
{-# LANGUAGE DuplicateRecordFields #-}
{-# LANGUAGE OverloadedStrings #-}
{-# LANGUAGE RankNTypes #-}
{-# LANGUAGE RecordWildCards #-}
module Test.Response where

import qualified Control.Applicative
import qualified Control.Exception
import qualified Control.Monad
import qualified Control.Monad.Catch
import qualified Control.Monad.IO.Class
import qualified Data.Aeson
import qualified Data.Aeson.Parser
import qualified Data.Aeson.Types
import qualified Data.Attoparsec.ByteString
import qualified Data.List
import qualified Data.Maybe
import qualified Data.Text
import qualified Data.Time
import qualified Data.Text.Encoding
import qualified GHC.Types
import qualified Network.HTTP.Types
import qualified Network.Wai
import qualified Web.HttpApiData

class ToResponse a where
    toResponse :: a -> Network.Wai.Response
---------------------
Test/Response/ListPackages.hs

{-# LANGUAGE BangPatterns #-}
{-# LANGUAGE DuplicateRecordFields #-}
{-# LANGUAGE OverloadedStrings #-}
{-# LANGUAGE RankNTypes #-}
{-# LANGUAGE RecordWildCards #-}
module Test.Response.ListPackages where

import qualified Control.Applicative
import qualified Control.Exception
import qualified Control.Monad
import qualified Control.Monad.Catch
import qualified Control.Monad.IO.Class
import qualified Data.Aeson
import qualified Data.Aeson.Parser
import qualified Data.Aeson.Types
import qualified Data.Attoparsec.ByteString
import qualified Data.List
import qualified Data.Maybe
import qualified Data.Text
import qualified Data.Time
import qualified Data.Text.Encoding
import qualified GHC.Types
import qualified Network.HTTP.Types
import qualified Network.Wai
import qualified Web.HttpApiData

import Test.Schemas.Packages

import Test.Response



data ListPackagesResponse
    = ListPackagesResponse200 Packages 
    deriving (Show)

instance Control.Exception.Exception ListPackagesResponse

instance ToResponse ListPackagesResponse where
    toResponse (ListPackagesResponse200 x ) =
        Network.Wai.responseBuilder (toEnum 200) [(Network.HTTP.Types.hContentType, "application/json")] (Data.Aeson.fromEncoding (Data.Aeson.toEncoding x))
---------------------
Test/Response/ListPackages2.hs

{-# LANGUAGE BangPatterns #-}
{-# LANGUAGE DuplicateRecordFields #-}
{-# LANGUAGE OverloadedStrings #-}
{-# LANGUAGE RankNTypes #-}
{-# LANGUAGE RecordWildCards #-}
module Test.Response.ListPackages2 where

import qualified Control.Applicative
import qualified Control.Exception
import qualified Control.Monad
import qualified Control.Monad.Catch
import qualified Control.Monad.IO.Class
import qualified Data.Aeson
import qualified Data.Aeson.Parser
import qualified Data.Aeson.Types
import qualified Data.Attoparsec.ByteString
import qualified Data.List
import qualified Data.Maybe
import qualified Data.Text
import qualified Data.Time
import qualified Data.Text.Encoding
import qualified GHC.Types
import qualified Network.HTTP.Types
import qualified Network.Wai
import qualified Web.HttpApiData

import Test.Schemas.Package

import Test.Response



data ListPackages2Response
    = ListPackages2Response200 [ Package ] 
    deriving (Show)

instance Control.Exception.Exception ListPackages2Response

instance ToResponse ListPackages2Response where
    toResponse (ListPackages2Response200 x ) =
        Network.Wai.responseBuilder (toEnum 200) [(Network.HTTP.Types.hContentType, "application/json")] (Data.Aeson.fromEncoding (Data.Aeson.toEncoding x))
---------------------
Test/Response/ListPackages3.hs

{-# LANGUAGE BangPatterns #-}
{-# LANGUAGE DuplicateRecordFields #-}
{-# LANGUAGE OverloadedStrings #-}
{-# LANGUAGE RankNTypes #-}
{-# LANGUAGE RecordWildCards #-}
module Test.Response.ListPackages3 where

import qualified Control.Applicative
import qualified Control.Exception
import qualified Control.Monad
import qualified Control.Monad.Catch
import qualified Control.Monad.IO.Class
import qualified Data.Aeson
import qualified Data.Aeson.Parser
import qualified Data.Aeson.Types
import qualified Data.Attoparsec.ByteString
import qualified Data.List
import qualified Data.Maybe
import qualified Data.Text
import qualified Data.Time
import qualified Data.Text.Encoding
import qualified GHC.Types
import qualified Network.HTTP.Types
import qualified Network.Wai
import qualified Web.HttpApiData

import Test.Schemas.Inline

import Test.Response



data ListPackages3Response
    = ListPackages3Response200 [ Inline ] 
    deriving (Show)

instance Control.Exception.Exception ListPackages3Response

instance ToResponse ListPackages3Response where
    toResponse (ListPackages3Response200 x ) =
        Network.Wai.responseBuilder (toEnum 200) [(Network.HTTP.Types.hContentType, "application/json")] (Data.Aeson.fromEncoding (Data.Aeson.toEncoding x))
---------------------
Test/Schemas/Inline.hs

{-# LANGUAGE BangPatterns #-}
{-# LANGUAGE DuplicateRecordFields #-}
{-# LANGUAGE OverloadedStrings #-}
{-# LANGUAGE RankNTypes #-}
{-# LANGUAGE RecordWildCards #-}
module Test.Schemas.Inline where

import qualified Control.Applicative
import qualified Control.Exception
import qualified Control.Monad
import qualified Control.Monad.Catch
import qualified Control.Monad.IO.Class
import qualified Data.Aeson
import qualified Data.Aeson.Parser
import qualified Data.Aeson.Types
import qualified Data.Attoparsec.ByteString
import qualified Data.List
import qualified Data.Maybe
import qualified Data.Text
import qualified Data.Time
import qualified Data.Text.Encoding
import qualified GHC.Types
import qualified Network.HTTP.Types
import qualified Network.Wai
import qualified Web.HttpApiData



newtype InlineElem = InlineElem
    {
        name :: Data.Maybe.Maybe (Data.Text.Text)
    }
    deriving (Show)

instance Data.Aeson.ToJSON InlineElem where
    toJSON InlineElem {..} = Data.Aeson.object
        [
            "name" Data.Aeson..= name
        ]

instance Data.Aeson.FromJSON InlineElem where
    parseJSON = Data.Aeson.withObject "InlineElem" $ \o ->
        InlineElem
            <$> o Data.Aeson..:? "name"

type Inline = [ InlineElem ]
---------------------
Test/Schemas/Package.hs

{-# LANGUAGE BangPatterns #-}
{-# LANGUAGE DuplicateRecordFields #-}
{-# LANGUAGE OverloadedStrings #-}
{-# LANGUAGE RankNTypes #-}
{-# LANGUAGE RecordWildCards #-}
module Test.Schemas.Package where

import qualified Control.Applicative
import qualified Control.Exception
import qualified Control.Monad
import qualified Control.Monad.Catch
import qualified Control.Monad.IO.Class
import qualified Data.Aeson
import qualified Data.Aeson.Parser
import qualified Data.Aeson.Types
import qualified Data.Attoparsec.ByteString
import qualified Data.List
import qualified Data.Maybe
import qualified Data.Text
import qualified Data.Time
import qualified Data.Text.Encoding
import qualified GHC.Types
import qualified Network.HTTP.Types
import qualified Network.Wai
import qualified Web.HttpApiData





newtype Package = Package
    {
        name :: Data.Maybe.Maybe (Data.Text.Text)
    }
    deriving (Show)

instance Data.Aeson.ToJSON Package where
    toJSON Package {..} = Data.Aeson.object
        [
            "name" Data.Aeson..= name
        ]

instance Data.Aeson.FromJSON Package where
    parseJSON = Data.Aeson.withObject "Package" $ \o ->
        Package
            <$> o Data.Aeson..:? "name"
---------------------
Test/Schemas/Packages.hs

{-# LANGUAGE BangPatterns #-}
{-# LANGUAGE DuplicateRecordFields #-}
{-# LANGUAGE OverloadedStrings #-}
{-# LANGUAGE RankNTypes #-}
{-# LANGUAGE RecordWildCards #-}
module Test.Schemas.Packages where

import qualified Control.Applicative
import qualified Control.Exception
import qualified Control.Monad
import qualified Control.Monad.Catch
import qualified Control.Monad.IO.Class
import qualified Data.Aeson
import qualified Data.Aeson.Parser
import qualified Data.Aeson.Types
import qualified Data.Attoparsec.ByteString
import qualified Data.List
import qualified Data.Maybe
import qualified Data.Text
import qualified Data.Time
import qualified Data.Text.Encoding
import qualified GHC.Types
import qualified Network.HTTP.Types
import qualified Network.Wai
import qualified Web.HttpApiData

import Test.Schemas.Package



type Packages = [ Package ]
---------------------
test.cabal

cabal-version: 3.0
name: test
version: 0.1.0.0
library
  build-depends:
    , aeson
    , attoparsec
    , base
    , bytestring
    , exceptions
    , ghc-prim
    , http-api-data
    , http-types
    , text
    , time
    , wai
  exposed-modules:
    Test.Api
    Test.Request
    Test.Response
    Test.Response.ListPackages
    Test.Response.ListPackages2
    Test.Response.ListPackages3
    Test.Schemas.Inline
    Test.Schemas.Package
    Test.Schemas.Packages